[1/14] Performing build step for 'bootloader'
[1/1] cd /private/tmp/embedded-upgrades-20261007/f1-ecu-simulator/esp32/build/bootloader && /private/tmp/esp-idf-tools-20261007/python_env/idf6.1_py3.13_env/bin/python /private/tmp/esp-idf-6.1-20261007/components/partition_table/check_sizes.py --offset 0x8000 bootloader 0x1000 /private/tmp/embedded-upgrades-20261007/f1-ecu-simulator/esp32/build/bootloader/bootloader.bin
Bootloader binary size 0x47f0 bytes. 0x2810 bytes (36%) free.
[2/14] No install step for 'bootloader'
[3/14] Completed 'bootloader'
[4/14] Building C object esp-idf/main/CMakeFiles/__idf_main.dir/private/tmp/embedded-upgrades-20261007/f1-ecu-simulator/src/ecu_time.c.obj
[5/14] Building C object esp-idf/main/CMakeFiles/__idf_main.dir/private/tmp/embedded-upgrades-20261007/f1-ecu-simulator/src/ecu_policy.c.obj
[6/14] Building C object esp-idf/main/CMakeFiles/__idf_main.dir/private/tmp/embedded-upgrades-20261007/f1-ecu-simulator/src/ecu_transport.c.obj
[7/14] Building C object esp-idf/main/CMakeFiles/__idf_main.dir/private/tmp/embedded-upgrades-20261007/f1-ecu-simulator/src/ecu_protocol.c.obj
[8/14] Building C object esp-idf/main/CMakeFiles/__idf_main.dir/private/tmp/embedded-upgrades-20261007/f1-ecu-simulator/src/ecu_core.c.obj
[9/14] Building C object esp-idf/main/CMakeFiles/__idf_main.dir/uart_main.c.obj
[10/14] Linking C static library esp-idf/main/libmain.a
[11/14] Generating esp-idf/esp_system/ld/sections.ld
Skipping linker script generation, section names unchanged
[12/14] Linking CXX executable ecu_uart_exercise.elf
[13/14] Generating binary image from built executable
esptool v5.4.0
Creating ESP32 image...
Merged 3 ELF sections.
Successfully created ESP32 image.
Generated /private/tmp/embedded-upgrades-20261007/f1-ecu-simulator/esp32/build/ecu_uart_exercise.bin
[14/14] cd /private/tmp/embedded-upgrades-20261007/f1-ecu-simulator/esp32/build && /private/tmp/esp-idf-tools-20261007/python_env/idf6.1_py3.13_env/bin/python /private/tmp/esp-idf-6.1-20261007/components/partition_table/check_sizes.py --offset 0x8000 partition --type app /private/tmp/embedded-upgrades-20261007/f1-ecu-simulator/esp32/build/partition_table/partition-table.bin /private/tmp/embedded-upgrades-20261007/f1-ecu-simulator/esp32/build/ecu_uart_exercise.bin
ecu_uart_exercise.bin binary size 0x24a90 bytes. Smallest app partition is 0x100000 bytes. 0xdb570 bytes (86%) free.
Executing action: all (aliases: build)
Running ninja in directory /private/tmp/embedded-upgrades-20261007/f1-ecu-simulator/esp32/build
Executing "ninja all"...

Project build complete. To flash, run:
 idf.py flash
or
 idf.py -p PORT flash
or
 python -m esptool --chip esp32 -b 460800 --before default-reset --after hard-reset write-flash --flash-mode dio --flash-size 4MB --flash-freq 40m 0x1000 build/bootloader/bootloader.bin 0x8000 build/partition_table/partition-table.bin 0x10000 build/ecu_uart_exercise.bin
or from the "/private/tmp/embedded-upgrades-20261007/f1-ecu-simulator/esp32/build" directory
 python -m esptool --chip esp32 -b 460800 --before default-reset --after hard-reset write-flash "@flash_args"
