[1/4] cd /private/tmp/embedded-upgrades-20261007/f1-ecu-simulator/esp32/build && /private/tmp/esp-idf-tools-20261007/python_env/idf6.1_py3.13_env/bin/python /private/tmp/esp-idf-6.1-20261007/components/partition_table/check_sizes.py --offset 0x8000 partition --type app /private/tmp/embedded-upgrades-20261007/f1-ecu-simulator/esp32/build/partition_table/partition-table.bin /private/tmp/embedded-upgrades-20261007/f1-ecu-simulator/esp32/build/ecu_uart_exercise.bin
ecu_uart_exercise.bin binary size 0x24a90 bytes. Smallest app partition is 0x100000 bytes. 0xdb570 bytes (86%) free.
[2/4] Performing build step for 'bootloader'
[1/1] cd /private/tmp/embedded-upgrades-20261007/f1-ecu-simulator/esp32/build/bootloader && /private/tmp/esp-idf-tools-20261007/python_env/idf6.1_py3.13_env/bin/python /private/tmp/esp-idf-6.1-20261007/components/partition_table/check_sizes.py --offset 0x8000 bootloader 0x1000 /private/tmp/embedded-upgrades-20261007/f1-ecu-simulator/esp32/build/bootloader/bootloader.bin
Bootloader binary size 0x47f0 bytes. 0x2810 bytes (36%) free.
[3/4] No install step for 'bootloader'
[4/4] Completed 'bootloader'
Adding "flash"'s dependency "all" to list of commands with default set of options.
Executing action: all (aliases: build)
Running ninja in directory /private/tmp/embedded-upgrades-20261007/f1-ecu-simulator/esp32/build
Executing "ninja all"...
Executing action: flash
Running ninja in directory /private/tmp/embedded-upgrades-20261007/f1-ecu-simulator/esp32/build
Executing "ninja flash"...
[1/5] cd /private/tmp/embedded-upgrades-20261007/f1-ecu-simulator/esp32/build && /private/tmp/esp-idf-tools-20261007/python_env/idf6.1_py3.13_env/bin/python /private/tmp/esp-idf-6.1-20261007/components/partition_table/check_sizes.py --offset 0x8000 partition --type app /private/tmp/embedded-upgrades-20261007/f1-ecu-simulator/esp32/build/partition_table/partition-table.bin /private/tmp/embedded-upgrades-20261007/f1-ecu-simulator/esp32/build/ecu_uart_exercise.bin
ecu_uart_exercise.bin binary size 0x24a90 bytes. Smallest app partition is 0x100000 bytes. 0xdb570 bytes (86%) free.
[2/5] Performing build step for 'bootloader'
[1/1] cd /private/tmp/embedded-upgrades-20261007/f1-ecu-simulator/esp32/build/bootloader && /private/tmp/esp-idf-tools-20261007/python_env/idf6.1_py3.13_env/bin/python /private/tmp/esp-idf-6.1-20261007/components/partition_table/check_sizes.py --offset 0x8000 bootloader 0x1000 /private/tmp/embedded-upgrades-20261007/f1-ecu-simulator/esp32/build/bootloader/bootloader.bin
Bootloader binary size 0x47f0 bytes. 0x2810 bytes (36%) free.
[3/5] No install step for 'bootloader'
[4/5] Completed 'bootloader'
[4/5] Running utility command for flash
esptool --chip esp32 -p /dev/cu.usbserial-0001 -b 115200 --before=default-reset --after=hard-reset write-flash --flash-mode dio --flash-freq 40m --flash-size 4MB 0x1000 bootloader/bootloader.bin 0x8000 partition_table/partition-table.bin 0x10000 ecu_uart_exercise.bin --diff-with bootloader/bootloader_flashed.bin partition_table/partition-table_flashed.bin ecu_uart_exercise_flashed.bin
esptool v5.4.0
Serial port /dev/cu.usbserial-0001:
Connecting....
Connected to ESP32 on /dev/cu.usbserial-0001:
Chip type:          ESP32-D0WD-V3 (revision v3.1)
Features:           Wi-Fi, BT, Dual Core + LP Core, 240MHz, Vref calibration in eFuse, Coding Scheme None
Crystal frequency:  40MHz
[device identifier redacted]

Uploading stub flasher...
Running stub flasher...
Stub flasher running.

Configuring flash size...

Writing 'bootloader/bootloader.bin' at 0x00001000...
SHA digest in image updated.
SHA digest in image updated.
No changed sectors found, verifying if data is in flash...
'bootloader/bootloader.bin' at 0x00001000 verified.

Writing 'partition_table/partition-table.bin' at 0x00008000...
No changed sectors found, verifying if data is in flash...
'partition_table/partition-table.bin' at 0x00008000 verified.

Writing 'ecu_uart_exercise.bin' at 0x00010000...
Changed data sectors found, fast reflashing...
Reflashing 1 changed sector at 0x00010000...
Flash will be erased from 0x00010000 to 0x00010fff...
Compressed 4096 bytes to 1830...
Writing at 0x00011000 ━━━━━━━━━━━━━━━━━━━━━━━━━━━━━━ 100.0% 1.79kB/1.79kB [0s] 
Wrote 4096 bytes (1830 compressed) at 0x00010000 in 0.2 seconds (194.3 kbit/s).
Reflashing 2 changed sectors at 0x00017000...
Flash will be erased from 0x00017000 to 0x00018fff...
Compressed 8192 bytes to 2362...
Writing at 0x00019000 ━━━━━━━━━━━━━━━━━━━━━━━━━━━━━━ 100.0% 2.31kB/2.31kB [0s] 
Wrote 8192 bytes (2362 compressed) at 0x00017000 in 0.2 seconds (302.6 kbit/s).
Reflashing 3 changed sectors at 0x0001b000...
Flash will be erased from 0x0001b000 to 0x0001dfff...
Compressed 12288 bytes to 8415...
Writing at 0x0001e000 ━━━━━━━━━━━━━━━━━━━━━━━━━━━━━━ 100.0% 8.22kB/8.22kB [0s] 
Wrote 12288 bytes (8415 compressed) at 0x0001b000 in 0.8 seconds (129.9 kbit/s).
Reflashing 21 changed sectors at 0x00020000...
Flash will be erased from 0x00020000 to 0x00034fff...
Compressed 86016 bytes to 59084...
Writing at 0x0002580c ━━━━━━━━                        27.7% 16.00kB/57.70kB [1s] 
Writing at 0x0002b17f ━━━━━━━━━━━━━━━━╸               55.5% 32.00kB/57.70kB [2s] 
Writing at 0x00030d5b ━━━━━━━━━━━━━━━━━━━━━━━━╸       83.2% 48.00kB/57.70kB [4s] 
Writing at 0x00035000 ━━━━━━━━━━━━━━━━━━━━━━━━━━━━━━ 100.0% 57.70kB/57.70kB [5s] 
Wrote 86016 bytes (59084 compressed) at 0x00020000 in 5.3 seconds (128.9 kbit/s).
Verifying written data...
Hash of data verified.

Hard resetting via RTS pin...
Done
